/usr/bin/timeout: failed to run command ‘working/YouAreMyDad/bin/mips_simulator’: No such file or directory
